[1/4487] none  Hebburn Manor                            https://www.windor-care-home.co.uk
[2/4487] none  Gateway House                            https://cristalcare.co.uk
[3/4487] FOUND Bradstowe Lodge                          https://www.bradstowelodge.org.uk
[4/4487] FOUND Eventide Residential Home Limited        https://www.eventideresidentialhome.co.uk
[5/4487] FOUND Heathlands Care Home                     https://heathlandscarehome.co.uk
[6/4487] FOUND Fairholme Nursing Home                   https://www.fairholmenursinghome.co.uk
[7/4487] FOUND Lady of the Vale Care Home               https://ladyofthevale.org.uk
[8/4487] FOUND Avocet House Care Home                   https://www.tanglewoodcarehomes.co.uk
[9/4487] none  Wiltshire Heights Care Home              https://www.porthaven.co.uk
[10/4487] none  Ashley House                             https://www.eden-place.co
[11/4487] FOUND Harbour Rise Rest Home                   https://www.harbourrise.co.uk
[12/4487] none  Windsor Court Residential Home           https://www.windsorcourtuk.com
[13/4487] FOUND Carnalea Residential Home                https://www.carnalea.com
[14/4487] FOUND Winash Rest Home                         https://www.winash.co.uk
[15/4487] none  Hawkinge House Proactive Assessment Unit https://www.hawkingehouse.co.uk/proactive-assessment-unit/
[16/4487] FOUND St Heliers Care Home                     https://www.stheliersresidentialhotel.com
[17/4487] FOUND Burn Brae Lodge                          https://www.burnbraelodge.co.uk
[18/4487] FOUND Devonshire Dementia Care Home            https://www.devonshiredementiacare.com
[19/4487] FOUND Alandale Residential Home                https://www.alandaleresidentialhome.co.uk
[20/4487] none  Ashlea House                             https://www.nexusprogrammeltd.co.uk
[21/4487] none  Birch House                              https://www.nexusprogrammeltd.co.uk
[22/4487] none  The Ings                                 https://www.bespokecaresupport.co.uk
[23/4487] none  Woodways                                 https://www.bespokecaresupport.co.uk
[24/4487] FOUND Springfield Lodge                        https://www.morecambecare.co.uk
[25/4487] none  Heeley Bank Care Home                    https://www.monarchhealthcare.co.uk
[26/4487] FOUND Park View Care Home                      https://www.kingsleyhealthcare.co.uk
[27/4487] none  Ivy Lodge Retirement Home                https://www.ivylodgeretirementhome.co.uk
[28/4487] none  Calvert Trust Kielder                    https://www.calvert-trust.org.uk/kielder
[29/4487] FOUND Wykewood                                 https://www.exemplarhc.com
[30/4487] none  Thornlea Rest Home                       https://www.thornleacarehome.co.uk
[31/4487] FOUND Blythson Limited - 5 Ashley Avenue       https://www.proactivedevelopment.co.uk
[32/4487] FOUND Blythson Limited - 3 Ashley Avenue       https://www.proactivedevelopment.co.uk
[33/4487] none  Pinhay House Residential Care Home       https://www.pinhayhouse.co.uk
[34/4487] FOUND Beachcomber Care Home                    https://www.beachcombercarehome.co.uk
[35/4487] none  Avery Park Care Home                     https://www.averyhealthcare.co.uk/care-homes/northamptonshire/avery-park-kettering/
[36/4487] FOUND Barons Lodge Sutton                      https://baronslodge.co.uk
[37/4487] FOUND Holbeach and East Elloe Hospital Trust   https://www.holbeach-hospital.org.uk
[38/4487] FOUND Parkdale Care Home                       https://www.abbeyfield.com
[39/4487] none  The Lodge Care Home                      https://www.martoncarehomes.co.uk
[40/4487] FOUND St Judes Nursing Home                    https://www.stjudesnursinghome.co.uk
[41/4487] FOUND Ebury Court Residential Home Limited     https://www.eburycourt.co.uk
[42/4487] FOUND Charlotte Straker House                  https://www.charlottestraker.org.uk
[43/4487] FOUND Charnwood Park Residential Home          https://www.charnwoodpark.co.uk
[44/4487] none  Newland Hurst                            https://www.newlandhurst.co.uk
[45/4487] FOUND West View                                https://www.westviewcarehome.co.uk
[46/4487] FOUND Shenehom Housing Association             https://www.shenehom.org.uk
[47/4487] FOUND Heathermount Residential Home            https://www.allandalecaregroup.com/information/
[48/4487] FOUND The Croft                                https://www.allandalecaregroup.com
[49/4487] FOUND East Court                               https://www.orchardvaletrust.org.uk
[50/4487] FOUND Northcroft                               https://www.orchardvaletrust.org.uk
[51/4487] FOUND Ferndale                                 https://www.orchardvaletrust.org.uk
[52/4487] FOUND St Chads House                           https://www.orchardvaletrust.org.uk
[53/4487] FOUND Stretton Nursing Home                    https://www.strettonnursinghome.co.uk
[54/4487] FOUND Flowers Manor                            https://www.elmfieldcare.co.uk
[55/4487] FOUND Chestnut Manor Care Home                 https://www.westgatehealthcare.co.uk/care-home/chestnut-manor-care-home/
[56/4487] none  Park Lane Care Home                      https://www.parklanenh.co.uk
[57/4487] none  Rowallan House                           https://www.rowallanhouse.com
[58/4487] none  Northern Counties Eventide Home Limited  https://www.eventidehome.co.uk
[59/4487] none  Cranmer Scheme                           https://www.ljwb.co.uk
[60/4487] none  Leeds Jewish Welfare Board - 248 Lidgett https://www.ljwb.co.uk
